['/docs/notes',
'/docs/front/ember-goods',
'/docs/front/vue-goods',
'/docs/guide/architecture',
'/docs/guide/development',
'/docs/guide/editors',
'/docs/guide/linting',
'/docs/guide/production',
'/docs/guide/routing',
'/docs/guide/state',
'/docs/guide/tech',
'/docs/guide/troubleshooting',
'/docs/guide/tests',
'/docs/note/about-lock',
'/docs/zh/README',
'/docs/note/awesome-interview',
'/docs/note/java/HashMap-unsafe',
'/docs/note/java/JVM-Architecture',
'/docs/note/java/note-java-top-problems',
'/docs/note/java/spring-bean',
'/docs/note/java/spring-transaction',
'/docs/note/java/ten-java-written',
'/docs/note/java/message-queue',
'/docs/wiki/APITest.wiki/Create-good-test-plan',
'/docs/wiki/APITest.wiki/Home',
'/docs/wiki/APITest.wiki/Java-8-Lambda-表达式',
'/docs/note/java/jvm-memory',
'/docs/wiki/APITest.wiki/Java-性能调优',
'/docs/wiki/APITest.wiki/NIO-What-is-NIO---Non-Blocking-IO',
'/docs/wiki/APITest.wiki/PinPoint-Introduction',
'/docs/wiki/APITest.wiki/性能优化',
'/docs/wiki/APITest.wiki/正则表达式',
'/docs/wiki/APITest.wiki/测试人员的角色定位',
'/docs/wiki/APITest.wiki/负载均衡策略',
'/docs/wiki/APITest.wiki/面向对象的类的设计原则',
'/docs/wiki/APITest.wiki/Ｊａｖａ内存模型',
'/docs/wiki/blog.wiki/design_pattern',
'/docs/wiki/blog.wiki/Home',
'/docs/wiki/blog.wiki/RUP及UML建模',
'/docs/wiki/blog.wiki/SQLITE数据库应用',
'/docs/wiki/blog.wiki/_Footer',
'/docs/wiki/blog.wiki/vim配置',
'/docs/wiki/APITest.wiki/Linux-常用命令汇总',
'/docs/wiki/blog.wiki/服务器推技术实现',
'/docs/wiki/blog.wiki/面向对象设计',
'/docs/wiki/cheat-sheet.wiki/.Net-Project',
'/docs/wiki/cheat-sheet.wiki/architecture-slang',
'/docs/wiki/cheat-sheet.wiki/awesome',
'/docs/wiki/cheat-sheet.wiki/awk',
'/docs/wiki/cheat-sheet.wiki/Book-List',
'/docs/wiki/cheat-sheet.wiki/Blogs',
'/docs/wiki/cheat-sheet.wiki/Books',
'/docs/wiki/cheat-sheet.wiki/functional-interface',
'/docs/wiki/cheat-sheet.wiki/Git-Tutorial',
'/docs/wiki/cheat-sheet.wiki/Git',
'/docs/wiki/cheat-sheet.wiki/grep',
'/docs/wiki/cheat-sheet.wiki/Home',
'/docs/wiki/cheat-sheet.wiki/interview',
'/docs/wiki/cheat-sheet.wiki/java-memory-model',
'/docs/wiki/cheat-sheet.wiki/Java-Project',
'/docs/wiki/cheat-sheet.wiki/Java-Tools',
'/docs/wiki/cheat-sheet.wiki/Java8',
'/docs/wiki/cheat-sheet.wiki/javac',
'/docs/wiki/cheat-sheet.wiki/javap',
'/docs/wiki/cheat-sheet.wiki/Javascript-Project',
'/docs/wiki/cheat-sheet.wiki/Java基础环境',
'/docs/wiki/cheat-sheet.wiki/jvm-optimize',
'/docs/wiki/cheat-sheet.wiki/JVM-tools',
'/docs/wiki/cheat-sheet.wiki/JVM',
'/docs/wiki/cheat-sheet.wiki/keymap',
'/docs/wiki/cheat-sheet.wiki/Linux-Shell',
'/docs/wiki/cheat-sheet.wiki/Log',
'/docs/wiki/cheat-sheet.wiki/log4j-config',
'/docs/wiki/cheat-sheet.wiki/Maven-FAQ',
'/docs/wiki/cheat-sheet.wiki/maven',
'/docs/wiki/cheat-sheet.wiki/MySQL',
'/docs/wiki/cheat-sheet.wiki/new-datetime-api',
'/docs/wiki/cheat-sheet.wiki/NoSQL',
'/docs/wiki/cheat-sheet.wiki/OPS',
'/docs/wiki/cheat-sheet.wiki/Python-Project',
'/docs/wiki/cheat-sheet.wiki/redis',
'/docs/wiki/cheat-sheet.wiki/Servlet',
'/docs/wiki/cheat-sheet.wiki/Shell-Shortcut',
'/docs/wiki/cheat-sheet.wiki/ssh',
'/docs/wiki/cheat-sheet.wiki/Tomcat-Deploy',
'/docs/wiki/cheat-sheet.wiki/Tools',
'/docs/wiki/cheat-sheet.wiki/web-xml-config',
'/docs/wiki/cheat-sheet.wiki/Jackson',
'/docs/wiki/cheat-sheet.wiki/WebSite',
'/docs/wiki/cheat-sheet.wiki/ZooKeeper',
'/docs/wiki/cheat-sheet.wiki/_Footer',
'/docs/wiki/cheat-sheet.wiki/国外程序员整理的Java资源大全',
'/docs/wiki/cheat-sheet.wiki/_Sidebar',
'/docs/wiki/cheat-sheet.wiki/最常用的Java库一览',
'/docs/wiki/cheat-sheet.wiki/如何查看Java类对应的字节码',
'/docs/wiki/cheat-sheet.wiki/老衣的开发工具和类库集之2014版',
'/docs/wiki/Bulls.wiki/foreach-remove-concurrentmodificationexception',
'/docs/wiki/Bulls.wiki/gameserver-java-advanced',
'/docs/wiki/Bulls.wiki/gameserver-save-strategy',
'/docs/wiki/Bulls.wiki/git-basic-practice',
'/docs/wiki/Bulls.wiki/Home',
'/docs/wiki/Bulls.wiki/java-gameserver-practice',
'/docs/wiki/blog.wiki/_Sidebar',
'/docs/wiki/Bulls.wiki/java-profiling-practice',
'/docs/wiki/Bulls.wiki/java-log-detail',
'/docs/wiki/Bulls.wiki/jvm-memory-detail',
'/docs/wiki/Bulls.wiki/java-profiling-tools',
'/docs/wiki/Bulls.wiki/ten-java-written-test',
'/docs/wiki/core-java.wiki/Advanced-Multi-threading-Concepts',
'/docs/wiki/core-java.wiki/Concurrent-Collection',
'/docs/wiki/core-java.wiki/Home',
'/docs/wiki/Bulls.wiki/java-io-netty-practice',
'/docs/wiki/core-java.wiki/IO-Streams',
'/docs/wiki/core-java.wiki/JVM-Architecture',
'/docs/wiki/core-java.wiki/Language-Fundamentals',
'/docs/wiki/cheat-sheet.wiki/sublime-config',
'/docs/wiki/distributed.wiki/JAVA缓存',
'/docs/wiki/distributed.wiki/Home',
'/docs/wiki/zhaopuming-docs.wiki/Centron',
'/docs/wiki/zhaopuming-docs.wiki/Debug-and-deploy',
'/docs/wiki/zhaopuming-docs.wiki/Conclusion',
'/docs/wiki/zhaopuming-docs.wiki/Eclipse-tips',
'/docs/wiki/zhaopuming-docs.wiki/Home',
'/docs/wiki/zhaopuming-docs.wiki/Intro',
'/docs/wiki/zhaopuming-docs.wiki/Java-database-intro',
'/docs/wiki/zhaopuming-docs.wiki/Java-memory',
'/docs/wiki/zhaopuming-docs.wiki/JDBC',
'/docs/wiki/zhaopuming-docs.wiki/JPA',
'/docs/wiki/zhaopuming-docs.wiki/Maven',
'/docs/wiki/zhaopuming-docs.wiki/Message-queue',
'/docs/wiki/zhaopuming-docs.wiki/Mybatis',
'/docs/wiki/zhaopuming-docs.wiki/Paste-bin',
'/docs/wiki/zhaopuming-docs.wiki/Querydsl',
'/docs/wiki/zhaopuming-docs.wiki/Vert.x-data',
'/docs/wiki/zhaopuming-docs.wiki/Vert.x-code-review',
'/docs/wiki/zhaopuming-docs.wiki/技术讨论',
'/docs/wiki/fanfever-roadmap.wiki/atlassian',
'/docs/wiki/fanfever-roadmap.wiki/Authentication&Authorization',
'/docs/wiki/fanfever-roadmap.wiki/AWS',
'/docs/wiki/fanfever-roadmap.wiki/coding-convention',
'/docs/wiki/fanfever-roadmap.wiki/CI',
'/docs/wiki/fanfever-roadmap.wiki/coding-style',
'/docs/wiki/fanfever-roadmap.wiki/concurrency',
'/docs/wiki/fanfever-roadmap.wiki/DesignPattern',
'/docs/wiki/fanfever-roadmap.wiki/Docker',
'/docs/wiki/fanfever-roadmap.wiki/ElasticSearch',
'/docs/wiki/fanfever-roadmap.wiki/framework',
'/docs/wiki/fanfever-roadmap.wiki/FSM-&-BPM',
'/docs/wiki/fanfever-roadmap.wiki/git',
'/docs/wiki/fanfever-roadmap.wiki/Hadoop',
'/docs/wiki/fanfever-roadmap.wiki/hbase',
'/docs/wiki/fanfever-roadmap.wiki/Home',
'/docs/wiki/fanfever-roadmap.wiki/ide',
'/docs/wiki/fanfever-roadmap.wiki/JVM',
'/docs/wiki/fanfever-roadmap.wiki/Lambda',
'/docs/wiki/fanfever-roadmap.wiki/linux',
'/docs/wiki/fanfever-roadmap.wiki/LocalDate',
'/docs/wiki/fanfever-roadmap.wiki/maven',
'/docs/wiki/fanfever-roadmap.wiki/metrics',
'/docs/wiki/fanfever-roadmap.wiki/micro-benchmark',
'/docs/wiki/fanfever-roadmap.wiki/microserver',
'/docs/wiki/fanfever-roadmap.wiki/mysql',
'/docs/wiki/fanfever-roadmap.wiki/node.js',
'/docs/wiki/fanfever-roadmap.wiki/orm',
'/docs/wiki/fanfever-roadmap.wiki/OS-X',
'/docs/wiki/fanfever-roadmap.wiki/regular-expression',
'/docs/wiki/fanfever-roadmap.wiki/server',
'/docs/wiki/fanfever-roadmap.wiki/shell',
'/docs/wiki/fanfever-roadmap.wiki/shiro',
'/docs/wiki/fanfever-roadmap.wiki/slides',
'/docs/wiki/fanfever-roadmap.wiki/Sublime-text-3',
'/docs/wiki/fanfever-roadmap.wiki/spring-boot',
'/docs/wiki/fanfever-roadmap.wiki/temp.md',
'/docs/wiki/fanfever-roadmap.wiki/temp',
'/docs/wiki/fanfever-roadmap.wiki/vps',
'/docs/wiki/fanfever-roadmap.wiki/Vagrant',
'/docs/wiki/fanfever-roadmap.wiki/后端环境部署Version1',
'/docs/wiki/fanfever-roadmap.wiki/安全性',
'/docs/wiki/fanfever-roadmap.wiki/新手入门',
'/docs/wiki/fanfever-roadmap.wiki/笔试题',
'/docs/wiki/fanfever-roadmap.wiki/笔试题答案',
'/docs/wiki/fanfever-roadmap.wiki/windows-10',
'/docs/wiki/fanfever-roadmap.wiki/自定义字段mysql索引实现调研',
'/docs/zh/default-theme-config/README',
'/docs/zh/guide/assets',
'/docs/zh/config/README',
'/docs/zh/guide/custom-themes',
'/docs/zh/guide/basic-config',
'/docs/zh/guide/getting-started',
'/docs/zh/guide/i18n',
'/docs/zh/guide/markdown',
'/docs/zh/guide/README',
'/docs/zh/guide/using-vue',
'/docs/zh/guide/deploy',
'/docs/wiki/zhaopuming-docs.wiki/Hibernate',
'/docs/wiki/blog.wiki/c/cgi模仿',
'/docs/wiki/blog.wiki/c/c笔记',
'/docs/wiki/blog.wiki/c/GDB调试',
'/docs/wiki/blog.wiki/c/queue_impl',
'/docs/wiki/blog.wiki/c/stack_impl',
'/docs/wiki/blog.wiki/go/Go与Memcache交互应用',
'/docs/wiki/blog.wiki/go/Chan在多线程中的应用',
'/docs/wiki/blog.wiki/go/Go与Mongo交互应用',
'/docs/wiki/blog.wiki/go/Go与Redis交互应用',
'/docs/wiki/blog.wiki/go/Go中Socket及Http应用',
'/docs/wiki/blog.wiki/hbase/Hbase优化配置',
'/docs/wiki/blog.wiki/hbase/Hbase概要',
'/docs/wiki/blog.wiki/hbase/HBase的安装',
'/docs/wiki/blog.wiki/hbase/Hbase相关操作命令',
'/docs/wiki/blog.wiki/html_css_js/js跨域请求方法',
'/docs/wiki/blog.wiki/html_css_js/开发笔记',
'/docs/wiki/blog.wiki/html_css_js/文字自动截断',
'/docs/wiki/blog.wiki/html_css_js/禁止复制拖动',
'/docs/wiki/blog.wiki/http/HTTP代理',
'/docs/wiki/blog.wiki/http/HTTP协议',
'/docs/wiki/blog.wiki/http/HTTP缓存',
'/docs/wiki/blog.wiki/go/Go与Mysql交互应用',
'/docs/wiki/blog.wiki/java/AOP切面编程应用',
'/docs/wiki/blog.wiki/java/HttpClient应用',
'/docs/wiki/blog.wiki/java/Java8日期时间API',
'/docs/wiki/blog.wiki/java/JavaSsist的使用',
'/docs/wiki/blog.wiki/java/Java_AesForNodeJs',
'/docs/wiki/blog.wiki/java/Java_CountDownLatch',
'/docs/wiki/blog.wiki/java/Java_HttpClient',
'/docs/wiki/blog.wiki/java/Java_RPC',
'/docs/wiki/blog.wiki/java/Java_nio',
'/docs/wiki/blog.wiki/java/Java_多线程与单例模式',
'/docs/wiki/blog.wiki/java/Java_虚拟机主要参数',
'/docs/wiki/blog.wiki/java/Java_虚拟机性能监控与故障处理工具',
'/docs/wiki/blog.wiki/java/Java与Memcached',
'/docs/wiki/blog.wiki/c/c算法',
'/docs/wiki/blog.wiki/java/Java与Node结合AES加密解密',
'/docs/wiki/blog.wiki/java/Java_多线程',
'/docs/wiki/blog.wiki/java/Java与RabbitMQ',
'/docs/wiki/blog.wiki/java/Java与Redis',
'/docs/wiki/blog.wiki/java/Java中定时任务应用',
'/docs/wiki/blog.wiki/java/Java中volatile详解',
'/docs/wiki/blog.wiki/java/Java垃圾回收器原理',
'/docs/wiki/blog.wiki/java/Java树生成方法',
'/docs/wiki/blog.wiki/java/Java中的xml解析',
'/docs/wiki/blog.wiki/java/Java自定义注解初试',
'/docs/wiki/blog.wiki/java/Java读取classpath中的文件',
'/docs/wiki/blog.wiki/java/Java读文件方法',
'/docs/wiki/blog.wiki/java/JVM内存及CPU占用过高排查',
'/docs/wiki/blog.wiki/java/log4j日志应用',
'/docs/wiki/blog.wiki/java/spring-事务应用',
'/docs/wiki/blog.wiki/java/URLConnection应用',
'/docs/wiki/blog.wiki/java/过滤器、监听器和拦截器',
'/docs/wiki/blog.wiki/java/Java读取大文件方法',
'/docs/wiki/blog.wiki/maven/maven仓库',
'/docs/wiki/blog.wiki/maven/maven_assembly打包插件应用',
'/docs/wiki/blog.wiki/maven/maven环境差异化应用',
'/docs/wiki/blog.wiki/maven/maven依赖范围',
'/docs/wiki/blog.wiki/maven/maven常用命令',
'/docs/wiki/blog.wiki/memcached/memcached内存管理机制',
'/docs/wiki/blog.wiki/memcached/memcached分布式算法',
'/docs/wiki/blog.wiki/memcached/memcached安装',
'/docs/wiki/blog.wiki/mysql/MYSQL中文乱码问题',
'/docs/wiki/blog.wiki/mysql/MYSQL内置函数',
'/docs/wiki/blog.wiki/mysql/MYSQL主从复制',
'/docs/wiki/blog.wiki/mysql/MYSQL分区类型',
'/docs/wiki/blog.wiki/mysql/MYSQL分库分表方案',
'/docs/wiki/blog.wiki/java/Java动态代理',
'/docs/wiki/blog.wiki/mysql/MYSQL复制语句',
'/docs/wiki/blog.wiki/mysql/MYSQL学习笔记',
'/docs/wiki/blog.wiki/mysql/MYSQL安装',
'/docs/wiki/blog.wiki/mysql/MYSQL性能优化',
'/docs/wiki/blog.wiki/mongodb/MongoDB安装',
'/docs/wiki/blog.wiki/mysql/MYSQL应用实例',
'/docs/wiki/blog.wiki/mongodb/MongoDB的CURD操作',
'/docs/wiki/blog.wiki/mongodb/redis、memcached和mongodb的对比',
'/docs/wiki/blog.wiki/mysql/MYSQL分区管理',
'/docs/wiki/blog.wiki/nginx/NGINX_GDB调试',
'/docs/wiki/blog.wiki/nginx/NGINX优化配置',
'/docs/wiki/blog.wiki/nginx/NGINX压力测试',
'/docs/wiki/blog.wiki/nginx/NGINX处理请求的几个阶段',
'/docs/wiki/blog.wiki/nginx/NGINX指南',
'/docs/wiki/blog.wiki/nginx/NGINX日志切分方式',
'/docs/wiki/blog.wiki/nginx/NGINX注意事项',
'/docs/wiki/blog.wiki/nginx/NGINX编译安装运行',
'/docs/wiki/blog.wiki/php/PHP-FPM优化配置',
'/docs/wiki/blog.wiki/php/PHP与MongoDB交互',
'/docs/wiki/blog.wiki/php/PHP信号管理',
'/docs/wiki/blog.wiki/php/PHP发送post请求',
'/docs/wiki/blog.wiki/php/PHP与HHVM的比较',
'/docs/wiki/blog.wiki/php/PHP多进程',
'/docs/wiki/blog.wiki/php/PHP导出EXCEL表格',
'/docs/wiki/blog.wiki/php/PHP性能优化',
'/docs/wiki/blog.wiki/php/PHP扩展开发',
'/docs/wiki/blog.wiki/php/PHP提高编程效率的50个方法',
'/docs/wiki/blog.wiki/php/PHP生成验证码',
'/docs/wiki/blog.wiki/php/PHP的Memcached扩展源码分析',
'/docs/wiki/blog.wiki/php/PHP解析xml为数组',
'/docs/wiki/blog.wiki/php/Xhprof性能优化',
'/docs/wiki/blog.wiki/php/PHP读取文件的三种方法',
'/docs/wiki/blog.wiki/python/Django与web服务器(Ningx和uWSGI)的部署与配置',
'/docs/wiki/blog.wiki/php/YII框架使用总结',
'/docs/wiki/blog.wiki/php/YII框架解析',
'/docs/wiki/blog.wiki/rabbitmq/RabbitMQ-php客户端安装',
'/docs/wiki/blog.wiki/php/PHP编译安装',
'/docs/wiki/blog.wiki/rabbitmq/RabbitMQ_RPC应用',
'/docs/wiki/blog.wiki/rabbitmq/RabbitMQ主题交换机应用',
'/docs/wiki/blog.wiki/rabbitmq/RabbitMQ发布订阅应用',
'/docs/wiki/blog.wiki/rabbitmq/RabbitMQ工作队列应用',
'/docs/wiki/blog.wiki/redis/Redis安装',
'/docs/wiki/blog.wiki/redis/Redis数据淘汰机制',
'/docs/wiki/blog.wiki/rabbitmq/RabbitMQ简介',
'/docs/wiki/blog.wiki/rabbitmq/RabbitMQ路由应用',
'/docs/wiki/blog.wiki/rabbitmq/RabbitMQ简单应用',
'/docs/wiki/blog.wiki/shell/awk应用',
'/docs/wiki/blog.wiki/shell/find和xargs的应用',
'/docs/wiki/blog.wiki/shell/IPTables防火墙规则',
'/docs/wiki/blog.wiki/shell/grep与正则',
'/docs/wiki/blog.wiki/shell/Linux基础命令',
'/docs/wiki/blog.wiki/shell/Linux性能监控',
'/docs/wiki/blog.wiki/shell/Linux查看系统信息方法',
'/docs/wiki/blog.wiki/shell/sed应用',
'/docs/wiki/blog.wiki/shell/shell内嵌命令',
'/docs/wiki/blog.wiki/shell/shell常用命令',
'/docs/wiki/blog.wiki/shell/shell变量',
'/docs/wiki/blog.wiki/shell/shell函数及参数操作',
'/docs/wiki/blog.wiki/shell/shell程序调试',
'/docs/wiki/blog.wiki/shell/个性化设置之profile',
'/docs/wiki/blog.wiki/shell/tr应用',
'/docs/wiki/blog.wiki/shell/信号',
'/docs/wiki/blog.wiki/shell/合并-排序-分隔',
'/docs/wiki/blog.wiki/shell/后台执行命令',
'/docs/wiki/blog.wiki/shell/控制语句应用',
'/docs/wiki/blog.wiki/shell/文件权限操作',
'/docs/wiki/blog.wiki/shell/条件测试',
'/docs/wiki/blog.wiki/spring/Spring扩展',
'/docs/wiki/blog.wiki/shell/设置外网访问权限',
'/docs/wiki/blog.wiki/tools/mac_iterm配置',
'/docs/wiki/blog.wiki/tools/MAC上的StarUML',
'/docs/wiki/blog.wiki/shell/输入输出命令',
'/docs/wiki/blog.wiki/zookeeper/zookeeper四字命令',
'/docs/wiki/blog.wiki/zookeeper/zookeeper配置',
'/docs/wiki/blog.wiki/zookeeper/zookeeper应用实例']